Dictionary
0: aaaa
1: aaaaaa
2: aaaaaaaa
3: aaaaaaaaaa
4: aaaaaaaaaaaa
5: aaaaaaaaaaaaaa
6: aaaaaaaaaaaaaaaa
7: aaaaaaaaaaaaaaaaaa
8: aaaaaaaaaaaaaaaaaaaa
9: aabb
10: aabbbb
11: aabbbbbb
12: aabbbbbbbb
13: aabbbbbbbbbb
14: aabbbbbbbbbbbb
15: aabbbbbbbbbbbbbb
16: aabbbbbbbbbbbbbbbb
17: aabbbbbbbbbbbbbbbbbb
18: aacc
19: aacccc
20: aacccccc
21: aacccccccc
22: aacccccccccc
23: aacccccccccccc
24: aacccccccccccccc
25: aacccccccccccccccc
26: aacccccccccccccccccc
27: aadd
28: aadddd
29: aadddddd
30: aadddddddd
31: aadddddddddd
32: aadddddddddddd
33: aadddddddddddddd
34: aadddddddddddddddd
35: aadddddddddddddddddd
36: aaee
37: aaeeee
38: aaeeeeee
39: aaeeeeeeee
40: aaeeeeeeeeee
41: aaeeeeeeeeeeee
42: aaeeeeeeeeeeeeee
43: aaeeeeeeeeeeeeeeee
44: aaeeeeeeeeeeeeeeeeee
45: aaff
46: aaffff
47: aaffffff
48: aaffffffff
49: aaffffffffff
50: aaffffffffffff
51: aaffffffffffffff
52: aaffffffffffffffff
53: aaffffffffffffffffff
54: aagg
55: aagggg
56: aagggggg
57: aagggggggg
58: aagggggggggg
59: aagggggggggggg
60: aagggggggggggggg
61: aagggggggggggggggg
62: aagggggggggggggggggg
63: aahh
64: aahhhh
65: aahhhhhh
66: aahhhhhhhh
67: aahhhhhhhhhh
68: aahhhhhhhhhhhh
69: aahhhhhhhhhhhhhh
70: aahhhhhhhhhhhhhhhh
71: aahhhhhhhhhhhhhhhhhh
72: aaii
73: aaiiii
74: aaiiiiii
75: aaiiiiiiii
76: aaiiiiiiiiii
77: aaiiiiiiiiiiii
78: aaiiiiiiiiiiiiii
79: aaiiiiiiiiiiiiiiii
80: aaiiiiiiiiiiiiiiiiii
81: aajj
82: aajjjj
83: aajjjjjj
84: aajjjjjjjj
85: aajjjjjjjjjj
86: aajjjjjjjjjjjj
87: aajjjjjjjjjjjjjj
88: aajjjjjjjjjjjjjjjj
89: aajjjjjjjjjjjjjjjjjj
90: aakk
91: aakkkk
92: aakkkkkk
93: aakkkkkkkk
94: aakkkkkkkkkk
95: aakkkkkkkkkkkk
96: aakkkkkkkkkkkkkk
97: aakkkkkkkkkkkkkkkk
98: aakkkkkkkkkkkkkkkkkk
99: aall
100: aallll
101: aallllll
102: aallllllll
103: aallllllllll
104: aallllllllllll
105: aallllllllllllll
106: aallllllllllllllll
107: aallllllllllllllllll
108: aamm
109: aammmm
110: aammmmmm
111: aammmmmmmm
112: aammmmmmmmmm
113: aammmmmmmmmmmm
114: aammmmmmmmmmmmmm
115: aammmmmmmmmmmmmmmm
116: aammmmmmmmmmmmmmmmmm
117: aann
118: aannnn
119: aannnnnn
120: aannnnnnnn
121: aannnnnnnnnn
122: aannnnnnnnnnnn
123: aannnnnnnnnnnnnn
124: aannnnnnnnnnnnnnnn
125: aannnnnnnnnnnnnnnnnn
126: aaoo
127: aaoooo
128: aaoooooo
129: aaoooooooo
130: aaoooooooooo
131: aaoooooooooooo
132: aaoooooooooooooo
133: aaoooooooooooooooo
134: aaoooooooooooooooooo
135: aapp
136: aapppp
137: aapppppp
138: aapppppppp
139: aapppppppppp
140: aapppppppppppp
141: aapppppppppppppp
142: aapppppppppppppppp
143: aapppppppppppppppppp
144: aaqq
145: aaqqqq
146: aaqqqqqq
147: aaqqqqqqqq
148: aaqqqqqqqqqq
149: aaqqqqqqqqqqqq
150: aaqqqqqqqqqqqqqq
151: aaqqqqqqqqqqqqqqqq
152: aaqqqqqqqqqqqqqqqqqq
153: aarr
154: aarrrr
155: aarrrrrr
156: aarrrrrrrr
157: aarrrrrrrrrr
158: aarrrrrrrrrrrr
159: aarrrrrrrrrrrrrr
160: aarrrrrrrrrrrrrrrr
161: aarrrrrrrrrrrrrrrrrr
162: aass
163: aassss
164: aassssss
165: aassssssss
166: aassssssssss
167: aassssssssssss
168: aassssssssssssss
169: aassssssssssssssss
170: aassssssssssssssssss
171: aatt
172: aatttt
173: aatttttt
174: aatttttttt
175: aatttttttttt
176: aatttttttttttt
177: aatttttttttttttt
178: aatttttttttttttttt
179: aatttttttttttttttttt
180: aauu
181: aauuuu
182: aauuuuuu
183: aauuuuuuuu
184: aauuuuuuuuuu
185: aauuuuuuuuuuuu
186: aauuuuuuuuuuuuuu
187: aauuuuuuuuuuuuuuuu
188: aauuuuuuuuuuuuuuuuuu
189: aavv
190: aavvvv
191: aavvvvvv
192: aavvvvvvvv
193: aavvvvvvvvvv
194: aavvvvvvvvvvvv
195: aavvvvvvvvvvvvvv
196: aavvvvvvvvvvvvvvvv
197: aavvvvvvvvvvvvvvvvvv
198: aaww
199: aawwww
200: aawwwwww
201: aawwwwwwww
202: aawwwwwwwwww
203: aawwwwwwwwwwww
204: aawwwwwwwwwwwwww
205: aawwwwwwwwwwwwwwww
206: aawwwwwwwwwwwwwwwwww
207: aaxx
208: aaxxxx
209: aaxxxxxx
210: aaxxxxxxxx
211: aaxxxxxxxxxx
212: aaxxxxxxxxxxxx
213: aaxxxxxxxxxxxxxx
214: aaxxxxxxxxxxxxxxxx
215: aaxxxxxxxxxxxxxxxxxx
216: aayy
217: aayyyy
218: aayyyyyy
219: aayyyyyyyy
220: aayyyyyyyyyy
221: aayyyyyyyyyyyy
222: aayyyyyyyyyyyyyy
223: aayyyyyyyyyyyyyyyy
224: aayyyyyyyyyyyyyyyyyy
225: aazz
226: aazzzz
227: aazzzzzz
228: aazzzzzzzz
229: aazzzzzzzzzz
230: aazzzzzzzzzzzz
231: aazzzzzzzzzzzzzz
232: aazzzzzzzzzzzzzzzz
233: aazzzzzzzzzzzzzzzzzz
234: bbbb
235: bbbbbb
236: bbbbbbbb
237: bbbbbbbbbb
238: bbbbbbbbbbbb
239: bbbbbbbbbbbbbb
240: bbbbbbbbbbbbbbbb
241: bbbbbbbbbbbbbbbbbb
242: bbbbbbbbbbbbbbbbbbbb
243: bbcc
244: bbcccc
245: bbcccccc
246: bbcccccccc
247: bbcccccccccc
248: bbcccccccccccc
249: bbcccccccccccccc
250: bbcccccccccccccccc
251: bbcccccccccccccccccc
252: bbdd
253: bbdddd
254: bbdddddd
255: bbdddddddd
256: bbdddddddddd
257: bbdddddddddddd
258: bbdddddddddddddd
259: bbdddddddddddddddd
260: bbdddddddddddddddddd
261: bbee
262: bbeeee
263: bbeeeeee
264: bbeeeeeeee
265: bbeeeeeeeeee
266: bbeeeeeeeeeeee
267: bbeeeeeeeeeeeeee
268: bbeeeeeeeeeeeeeeee
269: bbeeeeeeeeeeeeeeeeee
270: bbff
271: bbffff
272: bbffffff
273: bbffffffff
274: bbffffffffff
275: bbffffffffffff
276: bbffffffffffffff
277: bbffffffffffffffff
278: bbffffffffffffffffff
279: bbgg
280: bbgggg
281: bbgggggg
282: bbgggggggg
283: bbgggggggggg
284: bbgggggggggggg
285: bbgggggggggggggg
286: bbgggggggggggggggg
287: bbgggggggggggggggggg
288: bbhh
289: bbhhhh
290: bbhhhhhh
291: bbhhhhhhhh
292: bbhhhhhhhhhh
293: bbhhhhhhhhhhhh
294: bbhhhhhhhhhhhhhh
295: bbhhhhhhhhhhhhhhhh
296: bbhhhhhhhhhhhhhhhhhh
297: bbii
298: bbiiii
299: bbiiiiii
300: bbiiiiiiii
301: bbiiiiiiiiii
302: bbiiiiiiiiiiii
303: bbiiiiiiiiiiiiii
304: bbiiiiiiiiiiiiiiii
305: bbiiiiiiiiiiiiiiiiii
306: bbjj
307: bbjjjj
308: bbjjjjjj
309: bbjjjjjjjj
310: bbjjjjjjjjjj
311: bbjjjjjjjjjjjj
312: bbjjjjjjjjjjjjjj
313: bbjjjjjjjjjjjjjjjj
314: bbjjjjjjjjjjjjjjjjjj
315: bbkk
316: bbkkkk
317: bbkkkkkk
318: bbkkkkkkkk
319: bbkkkkkkkkkk
320: bbkkkkkkkkkkkk
321: bbkkkkkkkkkkkkkk
322: bbkkkkkkkkkkkkkkkk
323: bbkkkkkkkkkkkkkkkkkk
324: bbll
325: bbllll
326: bbllllll
327: bbllllllll
328: bbllllllllll
329: bbllllllllllll
330: bbllllllllllllll
331: bbllllllllllllllll
332: bbllllllllllllllllll
333: bbmm
334: bbmmmm
335: bbmmmmmm
336: bbmmmmmmmm
337: bbmmmmmmmmmm
338: bbmmmmmmmmmmmm
339: bbmmmmmmmmmmmmmm
340: bbmmmmmmmmmmmmmmmm
341: bbmmmmmmmmmmmmmmmmmm
342: bbnn
343: bbnnnn
344: bbnnnnnn
345: bbnnnnnnnn
346: bbnnnnnnnnnn
347: bbnnnnnnnnnnnn
348: bbnnnnnnnnnnnnnn
349: bbnnnnnnnnnnnnnnnn
350: bbnnnnnnnnnnnnnnnnnn
351: bboo
352: bboooo
353: bboooooo
354: bboooooooo
355: bboooooooooo
356: bboooooooooooo
357: bboooooooooooooo
358: bboooooooooooooooo
359: bboooooooooooooooooo
360: bbpp
361: bbpppp
362: bbpppppp
363: bbpppppppp
364: bbpppppppppp
365: bbpppppppppppp
366: bbpppppppppppppp
367: bbpppppppppppppppp
368: bbpppppppppppppppppp
369: bbqq
370: bbqqqq
371: bbqqqqqq
372: bbqqqqqqqq
373: bbqqqqqqqqqq
374: bbqqqqqqqqqqqq
375: bbqqqqqqqqqqqqqq
376: bbqqqqqqqqqqqqqqqq
377: bbqqqqqqqqqqqqqqqqqq
378: bbrr
379: bbrrrr
380: bbrrrrrr
381: bbrrrrrrrr
382: bbrrrrrrrrrr
383: bbrrrrrrrrrrrr
384: bbrrrrrrrrrrrrrr
385: bbrrrrrrrrrrrrrrrr
386: bbrrrrrrrrrrrrrrrrrr
387: bbss
388: bbssss
389: bbssssss
390: bbssssssss
391: bbssssssssss
392: bbssssssssssss
393: bbssssssssssssss
394: bbssssssssssssssss
395: bbssssssssssssssssss
396: bbtt
397: bbtttt
398: bbtttttt
399: bbtttttttt
400: bbtttttttttt
401: bbtttttttttttt
402: bbtttttttttttttt
403: bbtttttttttttttttt
404: bbtttttttttttttttttt
405: bbuu
406: bbuuuu
407: bbuuuuuu
408: bbuuuuuuuu
409: bbuuuuuuuuuu
410: bbuuuuuuuuuuuu
411: bbuuuuuuuuuuuuuu
412: bbuuuuuuuuuuuuuuuu
413: bbuuuuuuuuuuuuuuuuuu
414: bbvv
415: bbvvvv
416: bbvvvvvv
417: bbvvvvvvvv
418: bbvvvvvvvvvv
419: bbvvvvvvvvvvvv
420: bbvvvvvvvvvvvvvv
421: bbvvvvvvvvvvvvvvvv
422: bbvvvvvvvvvvvvvvvvvv
423: bbww
424: bbwwww
425: bbwwwwww
426: bbwwwwwwww
427: bbwwwwwwwwww
428: bbwwwwwwwwwwww
429: bbwwwwwwwwwwwwww
430: bbwwwwwwwwwwwwwwww
431: bbwwwwwwwwwwwwwwwwww
432: bbxx
433: bbxxxx
434: bbxxxxxx
435: bbxxxxxxxx
436: bbxxxxxxxxxx
437: bbxxxxxxxxxxxx
438: bbxxxxxxxxxxxxxx
439: bbxxxxxxxxxxxxxxxx
440: bbxxxxxxxxxxxxxxxxxx
441: bbyy
442: bbyyyy
443: bbyyyyyy
444: bbyyyyyyyy
445: bbyyyyyyyyyy
446: bbyyyyyyyyyyyy
447: bbyyyyyyyyyyyyyy
448: bbyyyyyyyyyyyyyyyy
449: bbyyyyyyyyyyyyyyyyyy
450: bbzz
451: bbzzzz
452: bbzzzzzz
453: bbzzzzzzzz
454: bbzzzzzzzzzz
455: bbzzzzzzzzzzzz
456: bbzzzzzzzzzzzzzz
457: bbzzzzzzzzzzzzzzzz
458: bbzzzzzzzzzzzzzzzzzz
459: cccc
460: cccccc
461: cccccccc
462: cccccccccc
463: cccccccccccc
464: cccccccccccccc
465: cccccccccccccccc
466: cccccccccccccccccc
467: cccccccccccccccccccc
468: ccdd
469: ccdddd
470: ccdddddd
471: ccdddddddd
472: ccdddddddddd
473: ccdddddddddddd
474: ccdddddddddddddd
475: ccdddddddddddddddd
476: ccdddddddddddddddddd
477: ccee
478: cceeee
479: cceeeeee
480: cceeeeeeee
481: cceeeeeeeeee
482: cceeeeeeeeeeee
483: cceeeeeeeeeeeeee
484: cceeeeeeeeeeeeeeee
485: cceeeeeeeeeeeeeeeeee
486: ccff
487: ccffff
488: ccffffff
489: ccffffffff
490: ccffffffffff
491: ccffffffffffff
492: ccffffffffffffff
493: ccffffffffffffffff
494: ccffffffffffffffffff
495: ccgg
496: ccgggg
497: ccgggggg
498: ccgggggggg
499: ccgggggggggg
500: ccgggggggggggg
501: ccgggggggggggggg
502: ccgggggggggggggggg
503: ccgggggggggggggggggg
504: cchh
505: cchhhh
506: cchhhhhh
507: cchhhhhhhh
508: cchhhhhhhhhh
509: cchhhhhhhhhhhh
510: cchhhhhhhhhhhhhh
511: cchhhhhhhhhhhhhhhh
512: cchhhhhhhhhhhhhhhhhh
513: ccii
514: cciiii
515: cciiiiii
516: cciiiiiiii
517: cciiiiiiiiii
518: cciiiiiiiiiiii
519: cciiiiiiiiiiiiii
520: cciiiiiiiiiiiiiiii
521: cciiiiiiiiiiiiiiiiii
522: ccjj
523: ccjjjj
524: ccjjjjjj
525: ccjjjjjjjj
526: ccjjjjjjjjjj
527: ccjjjjjjjjjjjj
528: ccjjjjjjjjjjjjjj
529: ccjjjjjjjjjjjjjjjj
530: ccjjjjjjjjjjjjjjjjjj
531: cckk
532: cckkkk
533: cckkkkkk
534: cckkkkkkkk
535: cckkkkkkkkkk
536: cckkkkkkkkkkkk
537: cckkkkkkkkkkkkkk
538: cckkkkkkkkkkkkkkkk
539: cckkkkkkkkkkkkkkkkkk
540: ccll
541: ccllll
542: ccllllll
543: ccllllllll
544: ccllllllllll
545: ccllllllllllll
546: ccllllllllllllll
547: ccllllllllllllllll
548: ccllllllllllllllllll
549: ccmm
550: ccmmmm
551: ccmmmmmm
552: ccmmmmmmmm
553: ccmmmmmmmmmm
554: ccmmmmmmmmmmmm
555: ccmmmmmmmmmmmmmm
556: ccmmmmmmmmmmmmmmmm
557: ccmmmmmmmmmmmmmmmmmm
558: ccnn
559: ccnnnn
560: ccnnnnnn
561: ccnnnnnnnn
562: ccnnnnnnnnnn
563: ccnnnnnnnnnnnn
564: ccnnnnnnnnnnnnnn
565: ccnnnnnnnnnnnnnnnn
566: ccnnnnnnnnnnnnnnnnnn
567: ccoo
568: ccoooo
569: ccoooooo
570: ccoooooooo
571: ccoooooooooo
572: ccoooooooooooo
573: ccoooooooooooooo
574: ccoooooooooooooooo
575: ccoooooooooooooooooo
576: ccpp
577: ccpppp
578: ccpppppp
579: ccpppppppp
580: ccpppppppppp
581: ccpppppppppppp
582: ccpppppppppppppp
583: ccpppppppppppppppp
584: ccpppppppppppppppppp
585: ccqq
586: ccqqqq
587: ccqqqqqq
588: ccqqqqqqqq
589: ccqqqqqqqqqq
590: ccqqqqqqqqqqqq
591: ccqqqqqqqqqqqqqq
592: ccqqqqqqqqqqqqqqqq
593: ccqqqqqqqqqqqqqqqqqq
594: ccrr
595: ccrrrr
596: ccrrrrrr
597: ccrrrrrrrr
598: ccrrrrrrrrrr
599: ccrrrrrrrrrrrr
600: ccrrrrrrrrrrrrrr
601: ccrrrrrrrrrrrrrrrr
602: ccrrrrrrrrrrrrrrrrrr
603: ccss
604: ccssss
605: ccssssss
606: ccssssssss
607: ccssssssssss
608: ccssssssssssss
609: ccssssssssssssss
610: ccssssssssssssssss
611: ccssssssssssssssssss
612: cctt
613: cctttt
614: cctttttt
615: cctttttttt
616: cctttttttttt
617: cctttttttttttt
618: cctttttttttttttt
619: cctttttttttttttttt
620: cctttttttttttttttttt
621: ccuu
622: ccuuuu
623: ccuuuuuu
624: ccuuuuuuuu
625: ccuuuuuuuuuu
626: ccuuuuuuuuuuuu
627: ccuuuuuuuuuuuuuu
628: ccuuuuuuuuuuuuuuuu
629: ccuuuuuuuuuuuuuuuuuu
630: ccvv
631: ccvvvv
632: ccvvvvvv
633: ccvvvvvvvv
634: ccvvvvvvvvvv
635: ccvvvvvvvvvvvv
636: ccvvvvvvvvvvvvvv
637: ccvvvvvvvvvvvvvvvv
638: ccvvvvvvvvvvvvvvvvvv
639: ccww
640: ccwwww
641: ccwwwwww
642: ccwwwwwwww
643: ccwwwwwwwwww
644: ccwwwwwwwwwwww
645: ccwwwwwwwwwwwwww
646: ccwwwwwwwwwwwwwwww
647: ccwwwwwwwwwwwwwwwwww
648: ccxx
649: ccxxxx
650: ccxxxxxx
651: ccxxxxxxxx
652: ccxxxxxxxxxx
653: ccxxxxxxxxxxxx
654: ccxxxxxxxxxxxxxx
655: ccxxxxxxxxxxxxxxxx
656: ccxxxxxxxxxxxxxxxxxx
657: ccyy
658: ccyyyy
659: ccyyyyyy
660: ccyyyyyyyy
661: ccyyyyyyyyyy
662: ccyyyyyyyyyyyy
663: ccyyyyyyyyyyyyyy
664: ccyyyyyyyyyyyyyyyy
665: ccyyyyyyyyyyyyyyyyyy
666: cczz
667: cczzzz
668: cczzzzzz
669: cczzzzzzzz
670: cczzzzzzzzzz
671: cczzzzzzzzzzzz
672: cczzzzzzzzzzzzzz
673: cczzzzzzzzzzzzzzzz
674: cczzzzzzzzzzzzzzzzzz
675: dddd
676: dddddd
677: dddddddd
678: dddddddddd
679: dddddddddddd
680: dddddddddddddd
681: dddddddddddddddd
682: dddddddddddddddddd
683: dddddddddddddddddddd
684: ddee
685: ddeeee
686: ddeeeeee
687: ddeeeeeeee
688: ddeeeeeeeeee
689: ddeeeeeeeeeeee
690: ddeeeeeeeeeeeeee
691: ddeeeeeeeeeeeeeeee
692: ddeeeeeeeeeeeeeeeeee
693: ddff
694: ddffff
695: ddffffff
696: ddffffffff
697: ddffffffffff
698: ddffffffffffff
699: ddffffffffffffff
700: ddffffffffffffffff
701: ddffffffffffffffffff
702: ddgg
703: ddgggg
704: ddgggggg
705: ddgggggggg
706: ddgggggggggg
707: ddgggggggggggg
708: ddgggggggggggggg
709: ddgggggggggggggggg
710: ddgggggggggggggggggg
711: ddhh
712: ddhhhh
713: ddhhhhhh
714: ddhhhhhhhh
715: ddhhhhhhhhhh
716: ddhhhhhhhhhhhh
717: ddhhhhhhhhhhhhhh
718: ddhhhhhhhhhhhhhhhh
719: ddhhhhhhhhhhhhhhhhhh
720: ddii
721: ddiiii
722: ddiiiiii
723: ddiiiiiiii
724: ddiiiiiiiiii
725: ddiiiiiiiiiiii
726: ddiiiiiiiiiiiiii
727: ddiiiiiiiiiiiiiiii
728: ddiiiiiiiiiiiiiiiiii
729: ddjj
730: ddjjjj
731: ddjjjjjj
732: ddjjjjjjjj
733: ddjjjjjjjjjj
734: ddjjjjjjjjjjjj
735: ddjjjjjjjjjjjjjj
736: ddjjjjjjjjjjjjjjjj
737: ddjjjjjjjjjjjjjjjjjj
738: ddkk
739: ddkkkk
740: ddkkkkkk
741: ddkkkkkkkk
742: ddkkkkkkkkkk
743: ddkkkkkkkkkkkk
744: ddkkkkkkkkkkkkkk
745: ddkkkkkkkkkkkkkkkk
746: ddkkkkkkkkkkkkkkkkkk
747: ddll
748: ddllll
749: ddllllll
750: ddllllllll
751: ddllllllllll
752: ddllllllllllll
753: ddllllllllllllll
754: ddllllllllllllllll
755: ddllllllllllllllllll
756: ddmm
757: ddmmmm
758: ddmmmmmm
759: ddmmmmmmmm
760: ddmmmmmmmmmm
761: ddmmmmmmmmmmmm
762: ddmmmmmmmmmmmmmm
763: ddmmmmmmmmmmmmmmmm
764: ddmmmmmmmmmmmmmmmmmm
765: ddnn
766: ddnnnn
767: ddnnnnnn
768: ddnnnnnnnn
769: ddnnnnnnnnnn
770: ddnnnnnnnnnnnn
771: ddnnnnnnnnnnnnnn
772: ddnnnnnnnnnnnnnnnn
773: ddnnnnnnnnnnnnnnnnnn
774: ddoo
775: ddoooo
776: ddoooooo
777: ddoooooooo
778: ddoooooooooo
779: ddoooooooooooo
780: ddoooooooooooooo
781: ddoooooooooooooooo
782: ddoooooooooooooooooo
783: ddpp
784: ddpppp
785: ddpppppp
786: ddpppppppp
787: ddpppppppppp
788: ddpppppppppppp
789: ddpppppppppppppp
790: ddpppppppppppppppp
791: ddpppppppppppppppppp
792: ddqq
793: ddqqqq
794: ddqqqqqq
795: ddqqqqqqqq
796: ddqqqqqqqqqq
797: ddqqqqqqqqqqqq
798: ddqqqqqqqqqqqqqq
799: ddqqqqqqqqqqqqqqqq
800: ddqqqqqqqqqqqqqqqqqq
801: ddrr
802: ddrrrr
803: ddrrrrrr
804: ddrrrrrrrr
805: ddrrrrrrrrrr
806: ddrrrrrrrrrrrr
807: ddrrrrrrrrrrrrrr
808: ddrrrrrrrrrrrrrrrr
809: ddrrrrrrrrrrrrrrrrrr
810: ddss
811: ddssss
812: ddssssss
813: ddssssssss
814: ddssssssssss
815: ddssssssssssss
816: ddssssssssssssss
817: ddssssssssssssssss
818: ddssssssssssssssssss
819: ddtt
820: ddtttt
821: ddtttttt
822: ddtttttttt
823: ddtttttttttt
824: ddtttttttttttt
825: ddtttttttttttttt
826: ddtttttttttttttttt
827: ddtttttttttttttttttt
828: dduu
829: dduuuu
830: dduuuuuu
831: dduuuuuuuu
832: dduuuuuuuuuu
833: dduuuuuuuuuuuu
834: dduuuuuuuuuuuuuu
835: dduuuuuuuuuuuuuuuu
836: dduuuuuuuuuuuuuuuuuu
837: ddvv
838: ddvvvv
839: ddvvvvvv
840: ddvvvvvvvv
841: ddvvvvvvvvvv
842: ddvvvvvvvvvvvv
843: ddvvvvvvvvvvvvvv
844: ddvvvvvvvvvvvvvvvv
845: ddvvvvvvvvvvvvvvvvvv
846: ddww
847: ddwwww
848: ddwwwwww
849: ddwwwwwwww
850: ddwwwwwwwwww
851: ddwwwwwwwwwwww
852: ddwwwwwwwwwwwwww
853: ddwwwwwwwwwwwwwwww
854: ddwwwwwwwwwwwwwwwwww
855: ddxx
856: ddxxxx
857: ddxxxxxx
858: ddxxxxxxxx
859: ddxxxxxxxxxx
860: ddxxxxxxxxxxxx
861: ddxxxxxxxxxxxxxx
862: ddxxxxxxxxxxxxxxxx
863: ddxxxxxxxxxxxxxxxxxx
864: ddyy
865: ddyyyy
866: ddyyyyyy
867: ddyyyyyyyy
868: ddyyyyyyyyyy
869: ddyyyyyyyyyyyy
870: ddyyyyyyyyyyyyyy
871: ddyyyyyyyyyyyyyyyy
872: ddyyyyyyyyyyyyyyyyyy
873: ddzz
874: ddzzzz
875: ddzzzzzz
876: ddzzzzzzzz
877: ddzzzzzzzzzz
878: ddzzzzzzzzzzzz
879: ddzzzzzzzzzzzzzz
880: ddzzzzzzzzzzzzzzzz
881: ddzzzzzzzzzzzzzzzzzz
Ordered Word Ladder Graph
V=882, E=0
Longest ladder length: 1
Longest ladders:
 1: aaaa
 2: aaaaaa
 3: aaaaaaaa
 4: aaaaaaaaaa
 5: aaaaaaaaaaaa
 6: aaaaaaaaaaaaaa
 7: aaaaaaaaaaaaaaaa
 8: aaaaaaaaaaaaaaaaaa
 9: aaaaaaaaaaaaaaaaaaaa
10: aabb
11: aabbbb
12: aabbbbbb
13: aabbbbbbbb
14: aabbbbbbbbbb
15: aabbbbbbbbbbbb
16: aabbbbbbbbbbbbbb
17: aabbbbbbbbbbbbbbbb
18: aabbbbbbbbbbbbbbbbbb
19: aacc
20: aacccc
21: aacccccc
22: aacccccccc
23: aacccccccccc
24: aacccccccccccc
25: aacccccccccccccc
26: aacccccccccccccccc
27: aacccccccccccccccccc
28: aadd
29: aadddd
30: aadddddd
31: aadddddddd
32: aadddddddddd
33: aadddddddddddd
34: aadddddddddddddd
35: aadddddddddddddddd
36: aadddddddddddddddddd
37: aaee
38: aaeeee
39: aaeeeeee
40: aaeeeeeeee
41: aaeeeeeeeeee
42: aaeeeeeeeeeeee
43: aaeeeeeeeeeeeeee
44: aaeeeeeeeeeeeeeeee
45: aaeeeeeeeeeeeeeeeeee
46: aaff
47: aaffff
48: aaffffff
49: aaffffffff
50: aaffffffffff
51: aaffffffffffff
52: aaffffffffffffff
53: aaffffffffffffffff
54: aaffffffffffffffffff
55: aagg
56: aagggg
57: aagggggg
58: aagggggggg
59: aagggggggggg
60: aagggggggggggg
61: aagggggggggggggg
62: aagggggggggggggggg
63: aagggggggggggggggggg
64: aahh
65: aahhhh
66: aahhhhhh
67: aahhhhhhhh
68: aahhhhhhhhhh
69: aahhhhhhhhhhhh
70: aahhhhhhhhhhhhhh
71: aahhhhhhhhhhhhhhhh
72: aahhhhhhhhhhhhhhhhhh
73: aaii
74: aaiiii
75: aaiiiiii
76: aaiiiiiiii
77: aaiiiiiiiiii
78: aaiiiiiiiiiiii
79: aaiiiiiiiiiiiiii
80: aaiiiiiiiiiiiiiiii
81: aaiiiiiiiiiiiiiiiiii
82: aajj
83: aajjjj
84: aajjjjjj
85: aajjjjjjjj
86: aajjjjjjjjjj
87: aajjjjjjjjjjjj
88: aajjjjjjjjjjjjjj
89: aajjjjjjjjjjjjjjjj
90: aajjjjjjjjjjjjjjjjjj
91: aakk
92: aakkkk
93: aakkkkkk
94: aakkkkkkkk
95: aakkkkkkkkkk
96: aakkkkkkkkkkkk
97: aakkkkkkkkkkkkkk
98: aakkkkkkkkkkkkkkkk
99: aakkkkkkkkkkkkkkkkkk
