Dictionary
0: bedder
1: bender
2: binder
3: budder
4: budger
5: budget
6: bugger
7: dinder
8: ender
9: endere
10: enter
11: fender
12: finder
13: gedder
14: gelder
15: gender
16: golder
17: lender
18: redder
19: render
Ordered Word Ladder Graph
V=20, E=35
<0 1> <0 3> <0 13> <0 18> 
<1 0> <1 2> <1 8> <1 11> <1 15> <1 17> <1 19> 
<2 1> <2 7> <2 12> 
<3 0> <3 4> 
<4 3> <4 5> <4 6> 
<5 4> 
<6 4> 
<7 2> <7 12> 
<8 1> <8 9> <8 10> <8 11> <8 15> <8 17> <8 19> 
<9 8> 
<10 8> 
<11 1> <11 8> <11 12> <11 15> <11 17> <11 19> 
<12 2> <12 7> <12 11> 
<13 0> <13 14> <13 15> <13 18> 
<14 13> <14 15> <14 16> 
<15 1> <15 8> <15 11> <15 13> <15 14> <15 17> <15 19> 
<16 14> 
<17 1> <17 8> <17 11> <17 15> <17 19> 
<18 0> <18 13> <18 19> 
<19 1> <19 8> <19 11> <19 15> <19 17> <19 18> 
Longest ladder length: 7
Longest ladders:
 1: bedder -> bender -> ender -> fender -> gender -> lender -> render
