Dictionary
0: a
1: bbb
2: ccccc
3: ddddddd
Ordered Word Ladder Graph
V=4, E=0
Longest ladder length: 1
Longest ladders:
 1: a
 2: bbb
 3: ccccc
 4: ddddddd
